
 Start  Stop   Length Name               Class

 00000H 0D9C6H 0D9C7H _TEXT              CODE
 0D9D0H 0D9D0H 00000H _FARDATA           FAR_DATA
 0D9D0H 0D9D0H 00000H _OVERLAY_          OVRINFO
 0D9D0H 0D9E7H 00018H _INIT_             INITDATA
 0D9E8H 0D9E8H 00000H _INITEND_          INITDATA
 0D9E8H 0D9E8H 00000H _EXIT_             EXITDATA
 0D9E8H 0D9E8H 00000H _EXITEND_          EXITDATA
 0D9F0H 0D9F0H 00000H _1STUB_            STUBSEG
 0D9F0H 1257FH 04B90H _DATA              DATA
 12580H 12580H 00000H _CVTSEG            DATA
 12580H 12580H 00000H _SCNSEG            DATA
 12580H 1277FH 00200H _BOOTEASY_DATA     DATA
 12780H 1A43DH 07CBEH _BSS               BSS
 1A43EH 1A43EH 00000H _BSSEND            ENDBSS
 1A440H 1A4BFH 00080H _STACK             STACK

  Address         Publics by Name

 0D9F:0000       DATASEG@
 0000:0235       DGROUP@
 0000:D4C1       F_LDIV@
 0000:D4D0       F_LMOD@
 0000:D4C8       F_LUDIV@
 0000:D4D8       F_LUMOD@
 0000:D56F       F_LXLSH@
 0000:D590       F_LXURSH@
 0000:D5B1       F_SCOPY@
 0000:D4C1       LDIV@
 0000:D4D0       LMOD@
 0000:D4C8       LUDIV@
 0000:D4D8       LUMOD@
 0000:D56F       LXLSH@
 0000:D590       LXURSH@
 0000:D4BE       N_LDIV@
 0000:D4CD       N_LMOD@
 0000:D4C5       N_LUDIV@
 0000:D4D5       N_LUMOD@
 0000:D56C       N_LXLSH@
 0000:D847       N_LXMUL@
 0000:D58D       N_LXURSH@
 0000:D5AE       N_SCOPY@
 0000:D5B1       SCOPY@
 0000:0220       _abort
 0000:AD14       _access
 0D9F:698E       _arg
 0000:8850       _Ask_User_About_FAT32_Support
 0000:AD49       _atexit
 0000:C119       _atoi
 0000:C0A9       _atol
 0000:1E01       _Automatically_Partition_Hard_Dri
 0000:C125       _biosdisk
 0000:0460       _BlinkPrintAt
 0D9F:4B90       _booteasy_code
 0D9F:43FC       _bootnormal_code
 0D9F:4600       _BootSmart_code
 0D9F:6C4E       _brief_partition_table
 0000:C1AF       _brk
 0D9F:6878       _cat
 0000:88E8       _Change_Current_Fixed_Disk_Drive
 0000:C1CB       _chdir
 0000:3E78       _Check_For_INT13_Extensions
 0000:59CA       _Clear_Active_Partition
 0000:3F1D       _Clear_Boot_Sector
 0000:1EBD       _Clear_Entire_Sector_Zero
 0000:5A01       _Clear_Extended_Partition_Table
 0000:1EDD       _Clear_Flag
 0000:1F3A       _Clear_Partition_Table
 0000:3F9B       _Clear_Partition_Table_Area_Of_Se
 0000:7A7E       _Clear_Screen
 0000:3FAD       _Clear_Sector_Buffer
 0000:AD6D       _close
 0000:3FC0       _Combine_Cylinder_and_Sector
 0000:12FE       _Command_Line_Clear_Flag
 0000:13B8       _Command_Line_Create_Extended_Par
 0000:14A1       _Command_Line_Create_Logical_DOS_
 0000:15C0       _Command_Line_Create_Primary_Part
 0000:16EB       _Command_Line_Delete
 0000:1907       _Command_Line_Info
 0000:1931       _Command_Line_Modify
 0000:1966       _Command_Line_Move
 0000:19C9       _Command_Line_Set_Flag
 0000:1A53       _Command_Line_Status
 0000:1A80       _Command_Line_Swap
 0000:1AE3       _Command_Line_Test_Flag
 0000:1B67       _Command_Line_X
 0D9F:4DA4       _computed_ending_cylinder
 0D9F:5F64       _computed_partition_size
 0000:0239       _Convert_Cyl_To_MB
 0000:0329       _Convert_Percent_To_MB
 0000:0280       _Convert_Sect_To_MB
 0000:02AF       _Convert_To_Percentage
 0000:0430       _cprintAt
 0000:AF19       _cprintf
 0000:1F7C       _Create_Alternate_MBR
 0000:2037       _Create_BootEasy_MBR
 0000:2085       _Create_BootNormal_MBR
 0000:20EE       _Create_BootSmart_MBR
 0000:8969       _Create_DOS_Partition_Interface
 0000:5AB1       _Create_Logical_Drive
 0000:8D62       _Create_Logical_Drive_Interface
 0000:2151       _Create_MBR
 0000:2165       _Create_MBR_If_Not_Present
 0000:606E       _Create_Primary_Partition
 0D9F:697A       _debug
 0000:9078       _Delete_Extended_DOS_Partition_In
 0000:6352       _Delete_Logical_Drive
 0000:9176       _Delete_Logical_Drive_Interface
 0000:9326       _Delete_N_DOS_Partition_Interface
 0000:93EF       _Delete_Primary_DOS_Partition_Int
 0000:6A8E       _Delete_Primary_Partition
 0000:03E8       _Determine_Color_Video_Support
 0000:3FF1       _Determine_Drive_Letters
 0000:6B67       _Determine_Free_Space
 0D9F:4A9D       _directvideo
 0D9F:6C36       _disk_address_packet
 0000:94F5       _Display_All_Drives
 0000:97F5       _Display_CL_Partition_Table
 0000:9AEC       _Display_Extended_Partition_Infor
 0000:2ECB       _Display_Help_Screen
 0000:7AA4       _Display_Information
 0000:7B8D       _Display_Label
 0000:9D19       _Display_Or_Modify_Logical_Drive_
 0000:9E70       _Display_Partition_Information
 0000:9FD0       _Display_Primary_Partition_Inform
 0000:ACFA       _dos_close
 0000:AC97       _dos_open
 0000:ACC7       _dos_read
 0D9F:6DFE       _drive_lettering_buffer
 0000:A3C5       _Dump_Partition_Information
 0D9F:4B8E       _environ
 0000:C3E3       _eof
 0D9F:0092       _errno
 0000:AF30       _exit
 0000:7BC8       _Exit_Screen
 0000:421D       _Extract_Cylinder
 0000:4266       _Extract_Cylinder_From_LBA_Value
 0000:42A5       _Extract_Sector
 0000:AF53       _fclose
 0000:B4A8       _fdopen
 0000:AFCB       _fflush
 0000:C53D       _fgetc
 0000:C5E7       _fgetchar
 0000:B04D       _fgets
 0D9F:6B32       _filename
 0000:C44B       _findfirst
 0000:C47E       _findnext
 0D9F:5EA8       _flags
 0000:B0BA       _flushall
 0000:20D3       _fmemcpy
 0000:B17A       _fnsplit
 0000:B468       _fopen
 0000:B77A       _fputc
 0000:B877       _fputchar
 0000:D5D0       _free
 0000:B486       _freopen
 0000:B538       _fseek
 0000:B59A       _ftell
 0000:C5F0       _getcurdir
 0000:C1E1       _getdisk
 0000:C60B       _getenv
 0000:03A0       _GetPercentOfLargeNumber
 0000:B5DB       _gettext
 0000:04B1       _Get_Environment_Settings
 0000:42D6       _Get_Hard_Drive_Parameters
 0000:1BA2       _Get_Options
 0000:44CE       _Get_Partition_Information
 0000:ADD1       _highvideo
 0000:0A0B       _Initialization
 0000:46A6       _Initialize_LBA_Structures
 0000:316D       _Input
 0000:C669       _intdos
 0000:C68B       _intdosx
 0000:7C76       _Interactive_User_Interface
 0000:C6EE       _ioctl
 0000:C752       _isatty
 0000:87E1       _IsRecognizedFatPartition
 0000:C809       _itoa
 0D9F:6868       _language_filename
 0000:7472       _LBA_Partition_Type_To_Create
 0000:A3DF       _List_Partition_Types
 0000:46D1       _Load_Brief_Partition_Table
 0000:2192       _Load_External_Lookup_Table
 0000:ADDA       _lowvideo
 0000:C763       _lseek
 0000:C84A       _ltoa
 0000:0CC7       _main
 0000:D69F       _malloc
 0000:74AF       _Max_Log_Part_Size_In_MB
 0000:7607       _Max_Pri_Part_Size_In_MB
 0000:C86F       _memcpy
 0000:B662       _memicmp
 0000:C8B8       _memset
 0000:A490       _Modify_Extended_Partition_Inform
 0000:7787       _Modify_Partition_Type
 0000:A741       _Modify_Primary_Partition_Informa
 0000:B6A3       _movetext
 0000:ADE3       _normvideo
 0D9F:4DA0       _number_of_command_line_options
 0000:77D4       _Number_Of_Cylinders
 0000:C8FB       _open
 0D9F:4D90       _partition_label
 0D9F:4DA8       _partition_lookup_table_buffer_lo
 0D9F:5F68       _partition_lookup_table_buffer_sh
 0000:7934       _Partition_Type_To_Create
 0D9F:6ED6       _part_table
 0D9F:687A       _path
 0000:8181       _Pause
 0000:8198       _Position_Cursor
 0000:7888       _Primary_Partition_Slot_Transfer
 0000:0414       _printAt
 0000:B749       _printf
 0000:81AB       _Print_Centered
 0000:81DF       _Print_UL
 0000:81F3       _Print_UL_B
 0000:2370       _Process_Fdiskini_File
 0000:B62A       _puttext
 0000:CA74       _read
 0000:4747       _Read_Partition_Tables
 0000:5409       _Read_Physical_Sectors
 0000:545A       _Read_Physical_Sectors_CHS
 0000:5494       _Read_Physical_Sectors_LBA
 0000:D7F6       _realloc
 0000:0C6A       _Reboot_PC
 0000:2D7C       _Remove_MBR
 0D9F:C736       _result_buffer
 0000:0C89       _Re_Initialization
 0D9F:4DA2       _s
 0000:2DC1       _Save_MBR
 0000:C1BB       _sbrk
 0000:CD76       _searchpath
 0D9F:C750       _sector_buffer
 0000:CD85       _segread
 0000:C1E7       _setdisk
 0000:C890       _setmem
 0000:BD4A       _setvbuf
 0000:79FB       _Set_Active_Partition
 0000:7A47       _Set_Active_Partition_If_None_Is_
 0000:AA16       _Set_Active_Partition_Interface
 0000:2E2A       _Set_Flag
 0000:1D80       _Shift_Command_Line_Options
 0D9F:4600       _smart_mbr
 0000:BE3C       _sprintf
 0000:8207       _Standard_Menu
 0000:5963       _StorePartitionInSectorBuffer
 0000:CD9A       _strcat
 0000:CDD3       _strcmp
 0000:CE02       _strcpy
 0000:CE26       _stricmp
 0000:CE66       _strlen
 0000:CE80       _strncmp
 0000:CEB7       _strncpy
 0000:BE75       _tell
 0000:2E89       _Test_Flag
 0000:ADC6       _textattr
 0000:ADAD       _textbackground
 0000:AD98       _textcolor
 0000:BECF       _tmpnam
 0000:BF06       _toupper
 0D9F:6C4A       _translated_cylinder
 0D9F:6C32       _translated_head
 0D9F:6C46       _translated_sector
 0000:552A       _Translate_CHS_To_LBA
 0000:C830       _ultoa
 0000:CEE3       _unlink
 0D9F:5EF4       _user_defined_chs_settings
 0D9F:C950       _verify_small_pointers
 0000:BF32       _vprintf
 0000:BE59       _vsprintf
 0000:BF52       _wherex
 0000:BF61       _wherey
 0000:BF74       _write
 0000:5563       _Write_Partition_Tables
 0000:5836       _Write_Physical_Sectors
 0000:5891       _Write_Physical_Sectors_CHS
 0000:58CB       _Write_Physical_Sectors_LBA
 0000:1000  Abs  __AHINCR
 0000:000C  Abs  __AHSHIFT
 0D9F:4B80       __argc
 0D9F:4B82       __argv
 0D9F:4802       __atexitcnt
 0D9F:C952       __atexittbl
 0D9F:00A0       __brklvl
 0D9F:0082       __C0argc
 0D9F:0084       __C0argv
 0000:C2E9       __c0crtinit
 0D9F:0086       __C0environ
 0000:C1F4       __chmod
 0000:C20F       __close
 0000:ADEA       __CPUTN
 0000:C309       __crtinit
 0D9F:4804       __ctype
 0D9F:4AA6       __doserrno
 0D9F:4AA8       __dosErrorToSV
 0D9F:0088       __envLng
 0D9F:008A       __envseg
 0D9F:008C       __envSize
 0000:012E       __exit
 0D9F:4906       __exitbuf
 0000:010F       __exitclean
 0D9F:4908       __exitfopen
 0D9F:490A       __exitopen
 0000:C529       __fgetc
 0D9F:4B7A       __first
 0D9F:4A74       __fmode
 0000:B760       __fputc
 0000:B88B       __FPUTN
 0D9F:009C       __heapbase
 0D9F:4A78       __heaplen
 0D9F:00A4       __heaptop
 0D9F:0072       __Int0Vector
 0D9F:0076       __Int4Vector
 0D9F:007A       __Int5Vector
 0D9F:007E       __Int6Vector
 0000:C715       __IOERROR
 0D9F:4800       __kitten_catalog
 0D9F:4B7C       __last
 0000:C78C       __LONGTOA
 0000:BE8D       __MKNAME
 0000:0237       __MMODEL
 0000:C53D       __Nfgetc
 0D9F:4A76       __notUmask
 0000:CA28       __open
 0D9F:4A4C       __openfd
 0D9F:0090       __osmajor
 0D9F:0091       __osminor
 0D9F:008E       __psp
 0000:CB29       __read
 0000:D85E       __REALCVT
 0D9F:4B90       __RealCvtVector
 0000:01A8       __restorezero
 0D9F:4B7E       __rover
 0D9F:4B90       __ScanTodVector
 0000:BAE7       __SCREENIO
 0000:BB85       __SCROLL
 0000:CC15       __SEARCHPATH
 0000:0000  Abs  __setargv__
 0000:0000  Abs  __setenvp__
 0000:BCE1       __setupio
 0D9F:0094       __StartTime
 0D9F:4A80       __stklen
 0D9F:490C       __streams
 0D9F:C994       __tmpnum
 0000:0000  Abs  __turboCrt
 0000:BB24       __VALIDATEXY
 0D9F:0090       __version
 0D9F:4A8E       __video
 0000:C265       __VideoInt
 0000:CF11       __VPRINTER
 0000:D3D8       __VPTR
 0000:D3FE       __VRAM
 0000:BF48       __wherexy
 0000:D477       __write
 0D9F:4A8C       __wscroll
 0000:C067       __xfclose
 0000:C088       __xfflush
 0000:C15C       ___brk
 0D9F:009A       ___brklvl
 0D9F:0098       ___heapbase
 0000:C17E       ___sbrk

  Address         Publics by Value

 0000:0000  Abs  __setenvp__
 0000:0000  Abs  __setargv__
 0000:0000  Abs  __turboCrt
 0000:000C  Abs  __AHSHIFT
 0000:1000  Abs  __AHINCR
 0000:010F       __exitclean
 0000:012E       __exit
 0000:01A8       __restorezero
 0000:0220       _abort
 0000:0235       DGROUP@
 0000:0237       __MMODEL
 0000:0239       _Convert_Cyl_To_MB
 0000:0280       _Convert_Sect_To_MB
 0000:02AF       _Convert_To_Percentage
 0000:0329       _Convert_Percent_To_MB
 0000:03A0       _GetPercentOfLargeNumber
 0000:03E8       _Determine_Color_Video_Support
 0000:0414       _printAt
 0000:0430       _cprintAt
 0000:0460       _BlinkPrintAt
 0000:04B1       _Get_Environment_Settings
 0000:0A0B       _Initialization
 0000:0C6A       _Reboot_PC
 0000:0C89       _Re_Initialization
 0000:0CC7       _main
 0000:12FE       _Command_Line_Clear_Flag
 0000:13B8       _Command_Line_Create_Extended_Par
 0000:14A1       _Command_Line_Create_Logical_DOS_
 0000:15C0       _Command_Line_Create_Primary_Part
 0000:16EB       _Command_Line_Delete
 0000:1907       _Command_Line_Info
 0000:1931       _Command_Line_Modify
 0000:1966       _Command_Line_Move
 0000:19C9       _Command_Line_Set_Flag
 0000:1A53       _Command_Line_Status
 0000:1A80       _Command_Line_Swap
 0000:1AE3       _Command_Line_Test_Flag
 0000:1B67       _Command_Line_X
 0000:1BA2       _Get_Options
 0000:1D80       _Shift_Command_Line_Options
 0000:1E01       _Automatically_Partition_Hard_Dri
 0000:1EBD       _Clear_Entire_Sector_Zero
 0000:1EDD       _Clear_Flag
 0000:1F3A       _Clear_Partition_Table
 0000:1F7C       _Create_Alternate_MBR
 0000:2037       _Create_BootEasy_MBR
 0000:2085       _Create_BootNormal_MBR
 0000:20D3       _fmemcpy
 0000:20EE       _Create_BootSmart_MBR
 0000:2151       _Create_MBR
 0000:2165       _Create_MBR_If_Not_Present
 0000:2192       _Load_External_Lookup_Table
 0000:2370       _Process_Fdiskini_File
 0000:2D7C       _Remove_MBR
 0000:2DC1       _Save_MBR
 0000:2E2A       _Set_Flag
 0000:2E89       _Test_Flag
 0000:2ECB       _Display_Help_Screen
 0000:316D       _Input
 0000:3E78       _Check_For_INT13_Extensions
 0000:3F1D       _Clear_Boot_Sector
 0000:3F9B       _Clear_Partition_Table_Area_Of_Se
 0000:3FAD       _Clear_Sector_Buffer
 0000:3FC0       _Combine_Cylinder_and_Sector
 0000:3FF1       _Determine_Drive_Letters
 0000:421D       _Extract_Cylinder
 0000:4266       _Extract_Cylinder_From_LBA_Value
 0000:42A5       _Extract_Sector
 0000:42D6       _Get_Hard_Drive_Parameters
 0000:44CE       _Get_Partition_Information
 0000:46A6       _Initialize_LBA_Structures
 0000:46D1       _Load_Brief_Partition_Table
 0000:4747       _Read_Partition_Tables
 0000:5409       _Read_Physical_Sectors
 0000:545A       _Read_Physical_Sectors_CHS
 0000:5494       _Read_Physical_Sectors_LBA
 0000:552A       _Translate_CHS_To_LBA
 0000:5563       _Write_Partition_Tables
 0000:5836       _Write_Physical_Sectors
 0000:5891       _Write_Physical_Sectors_CHS
 0000:58CB       _Write_Physical_Sectors_LBA
 0000:5963       _StorePartitionInSectorBuffer
 0000:59CA       _Clear_Active_Partition
 0000:5A01       _Clear_Extended_Partition_Table
 0000:5AB1       _Create_Logical_Drive
 0000:606E       _Create_Primary_Partition
 0000:6352       _Delete_Logical_Drive
 0000:6A8E       _Delete_Primary_Partition
 0000:6B67       _Determine_Free_Space
 0000:7472       _LBA_Partition_Type_To_Create
 0000:74AF       _Max_Log_Part_Size_In_MB
 0000:7607       _Max_Pri_Part_Size_In_MB
 0000:7787       _Modify_Partition_Type
 0000:77D4       _Number_Of_Cylinders
 0000:7888       _Primary_Partition_Slot_Transfer
 0000:7934       _Partition_Type_To_Create
 0000:79FB       _Set_Active_Partition
 0000:7A47       _Set_Active_Partition_If_None_Is_
 0000:7A7E       _Clear_Screen
 0000:7AA4       _Display_Information
 0000:7B8D       _Display_Label
 0000:7BC8       _Exit_Screen
 0000:7C76       _Interactive_User_Interface
 0000:8181       _Pause
 0000:8198       _Position_Cursor
 0000:81AB       _Print_Centered
 0000:81DF       _Print_UL
 0000:81F3       _Print_UL_B
 0000:8207       _Standard_Menu
 0000:87E1       _IsRecognizedFatPartition
 0000:8850       _Ask_User_About_FAT32_Support
 0000:88E8       _Change_Current_Fixed_Disk_Drive
 0000:8969       _Create_DOS_Partition_Interface
 0000:8D62       _Create_Logical_Drive_Interface
 0000:9078       _Delete_Extended_DOS_Partition_In
 0000:9176       _Delete_Logical_Drive_Interface
 0000:9326       _Delete_N_DOS_Partition_Interface
 0000:93EF       _Delete_Primary_DOS_Partition_Int
 0000:94F5       _Display_All_Drives
 0000:97F5       _Display_CL_Partition_Table
 0000:9AEC       _Display_Extended_Partition_Infor
 0000:9D19       _Display_Or_Modify_Logical_Drive_
 0000:9E70       _Display_Partition_Information
 0000:9FD0       _Display_Primary_Partition_Inform
 0000:A3C5       _Dump_Partition_Information
 0000:A3DF       _List_Partition_Types
 0000:A490       _Modify_Extended_Partition_Inform
 0000:A741       _Modify_Primary_Partition_Informa
 0000:AA16       _Set_Active_Partition_Interface
 0000:AC97       _dos_open
 0000:ACC7       _dos_read
 0000:ACFA       _dos_close
 0000:AD14       _access
 0000:AD49       _atexit
 0000:AD6D       _close
 0000:AD98       _textcolor
 0000:ADAD       _textbackground
 0000:ADC6       _textattr
 0000:ADD1       _highvideo
 0000:ADDA       _lowvideo
 0000:ADE3       _normvideo
 0000:ADEA       __CPUTN
 0000:AF19       _cprintf
 0000:AF30       _exit
 0000:AF53       _fclose
 0000:AFCB       _fflush
 0000:B04D       _fgets
 0000:B0BA       _flushall
 0000:B17A       _fnsplit
 0000:B468       _fopen
 0000:B486       _freopen
 0000:B4A8       _fdopen
 0000:B538       _fseek
 0000:B59A       _ftell
 0000:B5DB       _gettext
 0000:B62A       _puttext
 0000:B662       _memicmp
 0000:B6A3       _movetext
 0000:B749       _printf
 0000:B760       __fputc
 0000:B77A       _fputc
 0000:B877       _fputchar
 0000:B88B       __FPUTN
 0000:BAE7       __SCREENIO
 0000:BB24       __VALIDATEXY
 0000:BB85       __SCROLL
 0000:BCE1       __setupio
 0000:BD4A       _setvbuf
 0000:BE3C       _sprintf
 0000:BE59       _vsprintf
 0000:BE75       _tell
 0000:BE8D       __MKNAME
 0000:BECF       _tmpnam
 0000:BF06       _toupper
 0000:BF32       _vprintf
 0000:BF48       __wherexy
 0000:BF52       _wherex
 0000:BF61       _wherey
 0000:BF74       _write
 0000:C067       __xfclose
 0000:C088       __xfflush
 0000:C0A9       _atol
 0000:C119       _atoi
 0000:C125       _biosdisk
 0000:C15C       ___brk
 0000:C17E       ___sbrk
 0000:C1AF       _brk
 0000:C1BB       _sbrk
 0000:C1CB       _chdir
 0000:C1E1       _getdisk
 0000:C1E7       _setdisk
 0000:C1F4       __chmod
 0000:C20F       __close
 0000:C265       __VideoInt
 0000:C2E9       __c0crtinit
 0000:C309       __crtinit
 0000:C3E3       _eof
 0000:C44B       _findfirst
 0000:C47E       _findnext
 0000:C529       __fgetc
 0000:C53D       _fgetc
 0000:C53D       __Nfgetc
 0000:C5E7       _fgetchar
 0000:C5F0       _getcurdir
 0000:C60B       _getenv
 0000:C669       _intdos
 0000:C68B       _intdosx
 0000:C6EE       _ioctl
 0000:C715       __IOERROR
 0000:C752       _isatty
 0000:C763       _lseek
 0000:C78C       __LONGTOA
 0000:C809       _itoa
 0000:C830       _ultoa
 0000:C84A       _ltoa
 0000:C86F       _memcpy
 0000:C890       _setmem
 0000:C8B8       _memset
 0000:C8FB       _open
 0000:CA28       __open
 0000:CA74       _read
 0000:CB29       __read
 0000:CC15       __SEARCHPATH
 0000:CD76       _searchpath
 0000:CD85       _segread
 0000:CD9A       _strcat
 0000:CDD3       _strcmp
 0000:CE02       _strcpy
 0000:CE26       _stricmp
 0000:CE66       _strlen
 0000:CE80       _strncmp
 0000:CEB7       _strncpy
 0000:CEE3       _unlink
 0000:CF11       __VPRINTER
 0000:D3D8       __VPTR
 0000:D3FE       __VRAM
 0000:D477       __write
 0000:D4BE       N_LDIV@
 0000:D4C1       LDIV@
 0000:D4C1       F_LDIV@
 0000:D4C5       N_LUDIV@
 0000:D4C8       F_LUDIV@
 0000:D4C8       LUDIV@
 0000:D4CD       N_LMOD@
 0000:D4D0       F_LMOD@
 0000:D4D0       LMOD@
 0000:D4D5       N_LUMOD@
 0000:D4D8       LUMOD@
 0000:D4D8       F_LUMOD@
 0000:D56C       N_LXLSH@
 0000:D56F       LXLSH@
 0000:D56F       F_LXLSH@
 0000:D58D       N_LXURSH@
 0000:D590       LXURSH@
 0000:D590       F_LXURSH@
 0000:D5AE       N_SCOPY@
 0000:D5B1       SCOPY@
 0000:D5B1       F_SCOPY@
 0000:D5D0       _free
 0000:D69F       _malloc
 0000:D7F6       _realloc
 0000:D847       N_LXMUL@
 0000:D85E       __REALCVT
 0D9F:0000       DATASEG@
 0D9F:0072       __Int0Vector
 0D9F:0076       __Int4Vector
 0D9F:007A       __Int5Vector
 0D9F:007E       __Int6Vector
 0D9F:0082       __C0argc
 0D9F:0084       __C0argv
 0D9F:0086       __C0environ
 0D9F:0088       __envLng
 0D9F:008A       __envseg
 0D9F:008C       __envSize
 0D9F:008E       __psp
 0D9F:0090       __osmajor
 0D9F:0090       __version
 0D9F:0091       __osminor
 0D9F:0092       _errno
 0D9F:0094       __StartTime
 0D9F:0098       ___heapbase
 0D9F:009A       ___brklvl
 0D9F:009C       __heapbase
 0D9F:00A0       __brklvl
 0D9F:00A4       __heaptop
 0D9F:43FC       _bootnormal_code
 0D9F:4600       _smart_mbr
 0D9F:4600       _BootSmart_code
 0D9F:4800       __kitten_catalog
 0D9F:4802       __atexitcnt
 0D9F:4804       __ctype
 0D9F:4906       __exitbuf
 0D9F:4908       __exitfopen
 0D9F:490A       __exitopen
 0D9F:490C       __streams
 0D9F:4A4C       __openfd
 0D9F:4A74       __fmode
 0D9F:4A76       __notUmask
 0D9F:4A78       __heaplen
 0D9F:4A80       __stklen
 0D9F:4A8C       __wscroll
 0D9F:4A8E       __video
 0D9F:4A9D       _directvideo
 0D9F:4AA6       __doserrno
 0D9F:4AA8       __dosErrorToSV
 0D9F:4B7A       __first
 0D9F:4B7C       __last
 0D9F:4B7E       __rover
 0D9F:4B80       __argc
 0D9F:4B82       __argv
 0D9F:4B8E       _environ
 0D9F:4B90       __ScanTodVector
 0D9F:4B90       __RealCvtVector
 0D9F:4B90       _booteasy_code
 0D9F:4D90       _partition_label
 0D9F:4DA0       _number_of_command_line_options
 0D9F:4DA2       _s
 0D9F:4DA4       _computed_ending_cylinder
 0D9F:4DA8       _partition_lookup_table_buffer_lo
 0D9F:5EA8       _flags
 0D9F:5EF4       _user_defined_chs_settings
 0D9F:5F64       _computed_partition_size
 0D9F:5F68       _partition_lookup_table_buffer_sh
 0D9F:6868       _language_filename
 0D9F:6878       _cat
 0D9F:687A       _path
 0D9F:697A       _debug
 0D9F:698E       _arg
 0D9F:6B32       _filename
 0D9F:6C32       _translated_head
 0D9F:6C36       _disk_address_packet
 0D9F:6C46       _translated_sector
 0D9F:6C4A       _translated_cylinder
 0D9F:6C4E       _brief_partition_table
 0D9F:6DFE       _drive_lettering_buffer
 0D9F:6ED6       _part_table
 0D9F:C736       _result_buffer
 0D9F:C750       _sector_buffer
 0D9F:C950       _verify_small_pointers
 0D9F:C952       __atexittbl
 0D9F:C994       __tmpnum

Program entry point at 0000:0000

